Archive member included because of file (symbol)

c:/chibistudio/tools/gnu tools arm embedded/4.9 2015q3/bin/../lib/gcc/arm-none-eabi/4.9.3/../../../../arm-none-eabi/lib/armv7e-m\libg.a(lib_a-atoi.o)
                              build/obj/main.o (symbol from plugin) (atoi)
c:/chibistudio/tools/gnu tools arm embedded/4.9 2015q3/bin/../lib/gcc/arm-none-eabi/4.9.3/../../../../arm-none-eabi/lib/armv7e-m\libg.a(lib_a-strtol.o)
                              c:/chibistudio/tools/gnu tools arm embedded/4.9 2015q3/bin/../lib/gcc/arm-none-eabi/4.9.3/../../../../arm-none-eabi/lib/armv7e-m\libg.a(lib_a-atoi.o) (_strtol_r)
c:/chibistudio/tools/gnu tools arm embedded/4.9 2015q3/bin/../lib/gcc/arm-none-eabi/4.9.3/../../../../arm-none-eabi/lib/armv7e-m\libg.a(lib_a-ctype_.o)
                              c:/chibistudio/tools/gnu tools arm embedded/4.9 2015q3/bin/../lib/gcc/arm-none-eabi/4.9.3/../../../../arm-none-eabi/lib/armv7e-m\libg.a(lib_a-strtol.o) (__ctype_ptr__)
c:/chibistudio/tools/gnu tools arm embedded/4.9 2015q3/bin/../lib/gcc/arm-none-eabi/4.9.3/../../../../arm-none-eabi/lib/armv7e-m\libg.a(lib_a-impure.o)
                              c:/chibistudio/tools/gnu tools arm embedded/4.9 2015q3/bin/../lib/gcc/arm-none-eabi/4.9.3/../../../../arm-none-eabi/lib/armv7e-m\libg.a(lib_a-strtol.o) (_impure_ptr)
c:/chibistudio/tools/gnu tools arm embedded/4.9 2015q3/bin/../lib/gcc/arm-none-eabi/4.9.3/../../../../arm-none-eabi/lib/armv7e-m\libg.a(lib_a-memset.o)
                              C:\Users\Simone\AppData\Local\Temp\cco0QMcU.ltrans0.ltrans.o (memset)

Discarded input sections

 .data          0x00000000        0x0 build/obj/crt0_v7m.o
 .bss           0x00000000        0x0 build/obj/crt0_v7m.o
 .data          0x00000000        0x0 build/obj/chcoreasm_v7m.o
 .bss           0x00000000        0x0 build/obj/chcoreasm_v7m.o
 .text          0x00000000        0x0 build/obj/crt1.o (symbol from plugin)
 .text          0x00000000        0x0 C:\Users\Simone\AppData\Local\Temp\cco0QMcU.ltrans0.ltrans.o
 .data          0x00000000        0x0 C:\Users\Simone\AppData\Local\Temp\cco0QMcU.ltrans0.ltrans.o
 .bss           0x00000000        0x0 C:\Users\Simone\AppData\Local\Temp\cco0QMcU.ltrans0.ltrans.o
 .text          0x00000000        0x0 C:\Users\Simone\AppData\Local\Temp\cco0QMcU.ltrans1.ltrans.o
 .data          0x00000000        0x0 C:\Users\Simone\AppData\Local\Temp\cco0QMcU.ltrans1.ltrans.o
 .bss           0x00000000        0x0 C:\Users\Simone\AppData\Local\Temp\cco0QMcU.ltrans1.ltrans.o
 .text          0x00000000        0x0 c:/chibistudio/tools/gnu tools arm embedded/4.9 2015q3/bin/../lib/gcc/arm-none-eabi/4.9.3/../../../../arm-none-eabi/lib/armv7e-m\libg.a(lib_a-memset.o)
 .data          0x00000000        0x0 c:/chibistudio/tools/gnu tools arm embedded/4.9 2015q3/bin/../lib/gcc/arm-none-eabi/4.9.3/../../../../arm-none-eabi/lib/armv7e-m\libg.a(lib_a-memset.o)
 .bss           0x00000000        0x0 c:/chibistudio/tools/gnu tools arm embedded/4.9 2015q3/bin/../lib/gcc/arm-none-eabi/4.9.3/../../../../arm-none-eabi/lib/armv7e-m\libg.a(lib_a-memset.o)
 .text          0x00000000        0x0 build/obj/vectors.o (symbol from plugin)
 .text          0x00000000        0x0 build/obj/chsys.o (symbol from plugin)
 .text          0x00000000        0x0 build/obj/chdebug.o (symbol from plugin)
 .text          0x00000000        0x0 build/obj/chvt.o (symbol from plugin)
 .text          0x00000000        0x0 build/obj/chschd.o (symbol from plugin)
 .text          0x00000000        0x0 build/obj/chthreads.o (symbol from plugin)
 .text          0x00000000        0x0 build/obj/chtm.o (symbol from plugin)
 .text          0x00000000        0x0 build/obj/chdynamic.o (symbol from plugin)
 .text          0x00000000        0x0 build/obj/chregistry.o (symbol from plugin)
 .text          0x00000000        0x0 build/obj/chsem.o (symbol from plugin)
 .text          0x00000000        0x0 build/obj/chmtx.o (symbol from plugin)
 .text          0x00000000        0x0 build/obj/chcond.o (symbol from plugin)
 .text          0x00000000        0x0 build/obj/chevents.o (symbol from plugin)
 .text          0x00000000        0x0 build/obj/chmsg.o (symbol from plugin)
 .text          0x00000000        0x0 build/obj/chmboxes.o (symbol from plugin)
 .text          0x00000000        0x0 build/obj/chqueues.o (symbol from plugin)
 .text          0x00000000        0x0 build/obj/chmemcore.o (symbol from plugin)
 .text          0x00000000        0x0 build/obj/chheap.o (symbol from plugin)
 .text          0x00000000        0x0 build/obj/chmempools.o (symbol from plugin)
 .text          0x00000000        0x0 build/obj/chcore.o (symbol from plugin)
 .text          0x00000000        0x0 build/obj/chcore_v7m.o (symbol from plugin)
 .text          0x00000000        0x0 build/obj/osal.o (symbol from plugin)
 .text          0x00000000        0x0 build/obj/hal.o (symbol from plugin)
 .text          0x00000000        0x0 build/obj/st.o (symbol from plugin)
[...]
Memory Configuration

Name             Origin             Length             Attributes
flash            0x08000000         0x00080000
ram0             0x20000000         0x00018000
ram1             0x00000000         0x00000000
ram2             0x00000000         0x00000000
ram3             0x00000000         0x00000000
ram4             0x00000000         0x00000000
ram5             0x00000000         0x00000000
ram6             0x00000000         0x00000000
ram7             0x00000000         0x00000000
*default*        0x00000000         0xffffffff

Linker script and memory map

LOAD build/obj/crt0_v7m.o
LOAD build/obj/chcoreasm_v7m.o
LOAD build/obj/crt1.o
LOAD C:\Users\Simone\AppData\Local\Temp\cco0QMcU.ltrans0.ltrans.o
LOAD C:\Users\Simone\AppData\Local\Temp\cco0QMcU.ltrans1.ltrans.o
LOAD c:/chibistudio/tools/gnu tools arm embedded/4.9 2015q3/bin/../lib/gcc/arm-none-eabi/4.9.3/armv7e-m\libgcc.a
LOAD c:/chibistudio/tools/gnu tools arm embedded/4.9 2015q3/bin/../lib/gcc/arm-none-eabi/4.9.3/../../../../arm-none-eabi/lib/armv7e-m\libg.a
LOAD c:/chibistudio/tools/gnu tools arm embedded/4.9 2015q3/bin/../lib/gcc/arm-none-eabi/4.9.3/../../../../arm-none-eabi/lib/armv7e-m\libc.a
LOAD build/obj/vectors.o
LOAD build/obj/chsys.o
LOAD build/obj/chdebug.o
LOAD build/obj/chvt.o
LOAD build/obj/chschd.o
LOAD build/obj/chthreads.o
LOAD build/obj/chtm.o
LOAD build/obj/chdynamic.o
LOAD build/obj/chregistry.o
LOAD build/obj/chsem.o
LOAD build/obj/chmtx.o
LOAD build/obj/chcond.o
LOAD build/obj/chevents.o
LOAD build/obj/chmsg.o
LOAD build/obj/chmboxes.o
LOAD build/obj/chqueues.o
LOAD build/obj/chmemcore.o
LOAD build/obj/chheap.o
LOAD build/obj/chmempools.o
LOAD build/obj/chcore.o
LOAD build/obj/chcore_v7m.o
LOAD build/obj/osal.o
LOAD build/obj/hal.o
LOAD build/obj/st.o
LOAD build/obj/hal_buffers.o
LOAD build/obj/hal_queues.o
LOAD build/obj/hal_mmcsd.o
LOAD build/obj/pal.o
LOAD build/obj/pwm.o
LOAD build/obj/serial.o
LOAD build/obj/nvic.o
LOAD build/obj/hal_lld.o
LOAD build/obj/stm32_dma.o
LOAD build/obj/st_lld.o
LOAD build/obj/pal_lld.o
LOAD build/obj/pwm_lld.o
LOAD build/obj/serial_lld.o
LOAD build/obj/board.o
LOAD build/obj/test.o
LOAD build/obj/testthd.o
LOAD build/obj/testsem.o
LOAD build/obj/testmtx.o
LOAD build/obj/testmsg.o
LOAD build/obj/testmbox.o
LOAD build/obj/testevt.o
LOAD build/obj/testheap.o
LOAD build/obj/testpools.o
LOAD build/obj/testdyn.o
LOAD build/obj/testqueues.o
LOAD build/obj/testsys.o
LOAD build/obj/testbmk.o
LOAD build/obj/memstreams.o
LOAD build/obj/chprintf.o
LOAD build/obj/main.o
                0x20000000                __ram0_start__ = ORIGIN (ram0)
                0x00018000                __ram0_size__ = 0x18000
                0x20018000                __ram0_end__ = (__ram0_start__ + __ram0_size__)
                0x00000000                __ram1_start__ = ORIGIN (ram1)
                0x00000000                __ram1_size__ = 0x0
                0x00000000                __ram1_end__ = (__ram1_start__ + __ram1_size__)
                0x00000000                __ram2_start__ = ORIGIN (ram2)
                0x00000000                __ram2_size__ = 0x0
                0x00000000                __ram2_end__ = (__ram2_start__ + __ram2_size__)
                0x00000000                __ram3_start__ = ORIGIN (ram3)
                0x00000000                __ram3_size__ = 0x0
                0x00000000                __ram3_end__ = (__ram3_start__ + __ram3_size__)
                0x00000000                __ram4_start__ = ORIGIN (ram4)
                0x00000000                __ram4_size__ = 0x0
                0x00000000                __ram4_end__ = (__ram4_start__ + __ram4_size__)
                0x00000000                __ram5_start__ = ORIGIN (ram5)
                0x00000000                __ram5_size__ = 0x0
                0x00000000                __ram5_end__ = (__ram5_start__ + __ram5_size__)
                0x00000000                __ram6_start__ = ORIGIN (ram6)
                0x00000000                __ram6_size__ = 0x0
                0x00000000                __ram6_end__ = (__ram6_start__ + __ram6_size__)
                0x00000000                __ram7_start__ = ORIGIN (ram7)
                0x00000000                __ram7_size__ = 0x0
                0x00000000                __ram7_end__ = (__ram7_start__ + __ram7_size__)
                0x00000000                . = 0x0
                0x00000000                _text = .

startup         0x08000000      0x1c0
 *(.vectors)
 .vectors       0x08000000      0x1c0 C:\Users\Simone\AppData\Local\Temp\cco0QMcU.ltrans0.ltrans.o
                0x08000000                _vectors

constructors    0x080001c0        0x0
                0x080001c0                __init_array_start = .
 *(SORT(.init_array.*))
 *(.init_array)
                0x080001c0                __init_array_end = .

destructors     0x080001c0        0x0
                0x080001c0                __fini_array_start = .
 *(.fini_array)
 *(SORT(.fini_array.*))
                0x080001c0                __fini_array_end = .

.text           0x080001c0     0x2832
 *(.text)
 .text          0x080001c0       0xc4 build/obj/crt0_v7m.o
                0x080001c0                Reset_Handler
 *fill*         0x08000284        0xc 
 .text          0x08000290       0x28 build/obj/chcoreasm_v7m.o
                0x08000290                _port_switch
                0x080002a0                _port_thread_start
                0x080002b0                _port_switch_from_isr
                0x080002b4                _port_exit_from_isr
 *(.text.*)
 *fill*         0x080002b8        0x8 
 .text.notify2.lto_priv.24
                0x080002c0       0x10 C:\Users\Simone\AppData\Local\Temp\cco0QMcU.ltrans0.ltrans.o
                0x080002c0                notify2.lto_priv.24
 .text.notify1.lto_priv.23
                0x080002d0       0x10 C:\Users\Simone\AppData\Local\Temp\cco0QMcU.ltrans0.ltrans.o
                0x080002d0                notify1.lto_priv.23
 .text.pwm_lld_serve_interrupt
                0x080002e0       0x5c C:\Users\Simone\AppData\Local\Temp\cco0QMcU.ltrans0.ltrans.o
 *fill*         0x0800033c        0x4 
 .text._port_irq_epilogue
                0x08000340       0x54 C:\Users\Simone\AppData\Local\Temp\cco0QMcU.ltrans0.ltrans.o
 *fill*         0x08000394        0xc 
 .text.VectorB4
                0x080003a0       0x14 C:\Users\Simone\AppData\Local\Temp\cco0QMcU.ltrans0.ltrans.o
 *fill*         0x080003b4        0xc 
 .text.VectorAC
                0x080003c0       0x14 C:\Users\Simone\AppData\Local\Temp\cco0QMcU.ltrans0.ltrans.o
 *fill*         0x080003d4        0xc 
 .text.VectorA4
                0x080003e0       0x14 C:\Users\Simone\AppData\Local\Temp\cco0QMcU.ltrans0.ltrans.o
 *fill*         0x080003f4        0xc 
 .text.VectorB0
                0x08000400       0xa0 C:\Users\Simone\AppData\Local\Temp\cco0QMcU.ltrans0.ltrans.o
 .text.SVC_Handler
                0x080004a0       0x14 C:\Users\Simone\AppData\Local\Temp\cco0QMcU.ltrans0.ltrans.o
 *fill*         0x080004b4        0xc 
 .text.chCoreAlloc
                0x080004c0       0x38 C:\Users\Simone\AppData\Local\Temp\cco0QMcU.ltrans0.ltrans.o
                0x080004c0                chCoreAlloc
 *fill*         0x080004f8        0x8 
 .text.wakeup   0x08000500       0x70 C:\Users\Simone\AppData\Local\Temp\cco0QMcU.ltrans0.ltrans.o
 .text.chSchReadyI
                0x08000570       0x2c C:\Users\Simone\AppData\Local\Temp\cco0QMcU.ltrans0.ltrans.o
 *fill*         0x0800059c        0x4 
 .text.chEvtBroadcastFlagsI
                0x080005a0       0x5c C:\Users\Simone\AppData\Local\Temp\cco0QMcU.ltrans0.ltrans.o
 *fill*         0x080005fc        0x4 
 .text.serve_interrupt
                0x08000600      0x1b8 C:\Users\Simone\AppData\Local\Temp\cco0QMcU.ltrans0.ltrans.o
 *fill*         0x080007b8        0x8 
 .text.VectorD8
                0x080007c0       0x14 C:\Users\Simone\AppData\Local\Temp\cco0QMcU.ltrans0.ltrans.o
 *fill*         0x080007d4        0xc 
 .text.VectorD4
                0x080007e0       0x14 C:\Users\Simone\AppData\Local\Temp\cco0QMcU.ltrans0.ltrans.o
 *fill*         0x080007f4        0xc 
 .text._idle_thread.lto_priv.22
                0x08000800        0x4 C:\Users\Simone\AppData\Local\Temp\cco0QMcU.ltrans0.ltrans.o
                0x08000800                _idle_thread.lto_priv.22
 *fill*         0x08000804        0xc 
 .text._unhandled_exception
                0x08000810        0x4 C:\Users\Simone\AppData\Local\Temp\cco0QMcU.ltrans0.ltrans.o
 *fill*         0x08000814        0xc 
 .text.chSchGoSleepS
                0x08000820       0x24 C:\Users\Simone\AppData\Local\Temp\cco0QMcU.ltrans0.ltrans.o
 *fill*         0x08000844        0xc 
 .text.chSchGoSleepTimeoutS
                0x08000850      0x10c C:\Users\Simone\AppData\Local\Temp\cco0QMcU.ltrans0.ltrans.o
 *fill*         0x0800095c        0x4 
 .text.chThdEnqueueTimeoutS
                0x08000960       0x28 C:\Users\Simone\AppData\Local\Temp\cco0QMcU.ltrans0.ltrans.o
 *fill*         0x08000988        0x8 
 .text.chOQWriteTimeout
                0x08000990       0x84 C:\Users\Simone\AppData\Local\Temp\cco0QMcU.ltrans0.ltrans.o
 *fill*         0x08000a14        0xc 
 .text.writet.lto_priv.31
                0x08000a20        0x8 C:\Users\Simone\AppData\Local\Temp\cco0QMcU.ltrans0.ltrans.o
                0x08000a20                writet.lto_priv.31
 *fill*         0x08000a28        0x8 
 .text.write.lto_priv.25
                0x08000a30        0xc C:\Users\Simone\AppData\Local\Temp\cco0QMcU.ltrans0.ltrans.o
                0x08000a30                write.lto_priv.25
 *fill*         0x08000a3c        0x4 
 .text.chOQPutTimeout
                0x08000a40       0x54 C:\Users\Simone\AppData\Local\Temp\cco0QMcU.ltrans0.ltrans.o
 *fill*         0x08000a94        0xc 
 .text.putt.lto_priv.29
                0x08000aa0        0x8 C:\Users\Simone\AppData\Local\Temp\cco0QMcU.ltrans0.ltrans.o
                0x08000aa0                putt.lto_priv.29
 *fill*         0x08000aa8        0x8 
 .text.put.lto_priv.27
                0x08000ab0        0xc C:\Users\Simone\AppData\Local\Temp\cco0QMcU.ltrans0.ltrans.o
                0x08000ab0                put.lto_priv.27
 *fill*         0x08000abc        0x4 
 .text.chIQReadTimeout
                0x08000ac0       0x78 C:\Users\Simone\AppData\Local\Temp\cco0QMcU.ltrans0.ltrans.o
 *fill*         0x08000b38        0x8 
 .text.readt.lto_priv.32
                0x08000b40        0x8 C:\Users\Simone\AppData\Local\Temp\cco0QMcU.ltrans0.ltrans.o
                0x08000b40                readt.lto_priv.32
 *fill*         0x08000b48        0x8 
 .text.read.lto_priv.26
                0x08000b50        0xc C:\Users\Simone\AppData\Local\Temp\cco0QMcU.ltrans0.ltrans.o
                0x08000b50                read.lto_priv.26
 *fill*         0x08000b5c        0x4 
 .text.chIQGetTimeout
                0x08000b60       0x50 C:\Users\Simone\AppData\Local\Temp\cco0QMcU.ltrans0.ltrans.o
 .text.gett.lto_priv.30
                0x08000bb0        0x8 C:\Users\Simone\AppData\Local\Temp\cco0QMcU.ltrans0.ltrans.o
                0x08000bb0                gett.lto_priv.30
 *fill*         0x08000bb8        0x8 
 .text.get.lto_priv.28
                0x08000bc0        0xc C:\Users\Simone\AppData\Local\Temp\cco0QMcU.ltrans0.ltrans.o
                0x08000bc0                get.lto_priv.28
 *fill*         0x08000bcc        0x4 
 .text.strcpy   0x08000bd0       0x2c C:\Users\Simone\AppData\Local\Temp\cco0QMcU.ltrans0.ltrans.o
                0x08000bd0                strcpy
 *fill*         0x08000bfc        0x4 
 .text.strlen   0x08000c00       0x18 C:\Users\Simone\AppData\Local\Temp\cco0QMcU.ltrans0.ltrans.o
                0x08000c00                strlen
 *fill*         0x08000c18        0x8 
 .text.chprintf
                0x08000c20      0x314 C:\Users\Simone\AppData\Local\Temp\cco0QMcU.ltrans0.ltrans.o
                0x08000c20                chprintf
 *fill*         0x08000f34        0xc 
 .text.__early_init
                0x08000f40       0xb8 C:\Users\Simone\AppData\Local\Temp\cco0QMcU.ltrans0.ltrans.o
                0x08000f40                __early_init
 *fill*         0x08000ff8        0x8 
 .text.pwm_lld_start
                0x08001000      0x148 C:\Users\Simone\AppData\Local\Temp\cco0QMcU.ltrans0.ltrans.o
                0x08001000                pwm_lld_start
 *fill*         0x08001148        0x8 
 .text._pal_lld_setgroupmode
                0x08001150       0xd0 C:\Users\Simone\AppData\Local\Temp\cco0QMcU.ltrans0.ltrans.o
                0x08001150                _pal_lld_setgroupmode
 .text.sdStart  0x08001220       0xd8 C:\Users\Simone\AppData\Local\Temp\cco0QMcU.ltrans0.ltrans.o
                0x08001220                sdStart
 *fill*         0x080012f8        0x8 
 .text.pwmEnablePeriodicNotification
                0x08001300       0x24 C:\Users\Simone\AppData\Local\Temp\cco0QMcU.ltrans0.ltrans.o
                0x08001300                pwmEnablePeriodicNotification
 *fill*         0x08001324        0xc 
 .text.chTMStopMeasurementX
                0x08001330       0x44 C:\Users\Simone\AppData\Local\Temp\cco0QMcU.ltrans0.ltrans.o
                0x08001330                chTMStopMeasurementX
 *fill*         0x08001374        0xc 
 .text.chThdExit
                0x08001380       0x48 C:\Users\Simone\AppData\Local\Temp\cco0QMcU.ltrans0.ltrans.o
                0x08001380                chThdExit
 *fill*         0x080013c8        0x8 
 .text.chThdSleep
                0x080013d0       0x18 C:\Users\Simone\AppData\Local\Temp\cco0QMcU.ltrans0.ltrans.o
                0x080013d0                chThdSleep
 *fill*         0x080013e8        0x8 
 .text.chSchDoReschedule
                0x080013f0       0x3c C:\Users\Simone\AppData\Local\Temp\cco0QMcU.ltrans0.ltrans.o
                0x080013f0                chSchDoReschedule
 *fill*         0x0800142c        0x4 
 .text.__init_ram_areas
                0x08001430       0x4c C:\Users\Simone\AppData\Local\Temp\cco0QMcU.ltrans0.ltrans.o
                0x08001430                __init_ram_areas
 *fill*         0x0800147c        0x4 
 .text.__default_exit
                0x08001480        0x4 C:\Users\Simone\AppData\Local\Temp\cco0QMcU.ltrans0.ltrans.o
                0x08001480                __default_exit
 *fill*         0x08001484        0xc 
 .text.__late_init
                0x08001490        0x4 C:\Users\Simone\AppData\Local\Temp\cco0QMcU.ltrans0.ltrans.o
                0x08001490                __late_init
 *fill*         0x08001494        0xc 
 .text.__core_init
                0x080014a0        0x4 C:\Users\Simone\AppData\Local\Temp\cco0QMcU.ltrans0.ltrans.o
                0x080014a0                __core_init
 *fill*         0x080014a4        0xc 
 .text.printWebPage
                0x080014b0      0x164 C:\Users\Simone\AppData\Local\Temp\cco0QMcU.ltrans0.ltrans.o
 *fill*         0x08001614        0xc 
 .text.Uart1EVT_Thread.lto_priv.21
                0x08001620      0x278 C:\Users\Simone\AppData\Local\Temp\cco0QMcU.ltrans0.ltrans.o
                0x08001620                Uart1EVT_Thread.lto_priv.21
 *fill*         0x08001898        0x8 
 .text.chTMStartMeasurementX.constprop.16
                0x080018a0        0xc C:\Users\Simone\AppData\Local\Temp\cco0QMcU.ltrans1.ltrans.o
 *fill*         0x080018ac        0x4 
 .text.sdObjectInit.constprop.9
                0x080018b0       0x68 C:\Users\Simone\AppData\Local\Temp\cco0QMcU.ltrans1.ltrans.o
 *fill*         0x08001918        0x8 
 .text.pwmEnableChannelNotification.constprop.4
                0x08001920       0x24 C:\Users\Simone\AppData\Local\Temp\cco0QMcU.ltrans1.ltrans.o
 *fill*         0x08001944        0xc 
 .text.Sinistra_Avanti_up.lto_priv.33
                0x08001950       0x28 C:\Users\Simone\AppData\Local\Temp\cco0QMcU.ltrans1.ltrans.o
                0x08001950                Sinistra_Avanti_up.lto_priv.33
 *fill*         0x08001978        0x8 
 .text.Sinistra_Avanti_Down.lto_priv.34
                0x08001980       0x28 C:\Users\Simone\AppData\Local\Temp\cco0QMcU.ltrans1.ltrans.o
                0x08001980                Sinistra_Avanti_Down.lto_priv.34
 *fill*         0x080019a8        0x8 
 .text.Destra_Avanti_up.lto_priv.37
                0x080019b0       0x28 C:\Users\Simone\AppData\Local\Temp\cco0QMcU.ltrans1.ltrans.o
                0x080019b0                Destra_Avanti_up.lto_priv.37
 *fill*         0x080019d8        0x8 
 .text.Destra_Avanti_Down.lto_priv.38
                0x080019e0       0x28 C:\Users\Simone\AppData\Local\Temp\cco0QMcU.ltrans1.ltrans.o
                0x080019e0                Destra_Avanti_Down.lto_priv.38
 *fill*         0x08001a08        0x8 
 .text.pwm2c1cb
                0x08001a10        0xc C:\Users\Simone\AppData\Local\Temp\cco0QMcU.ltrans1.ltrans.o
 *fill*         0x08001a1c        0x4 
 .text.pwm2pcb  0x08001a20        0xc C:\Users\Simone\AppData\Local\Temp\cco0QMcU.ltrans1.ltrans.o
 *fill*         0x08001a2c        0x4 
 .text.pwmc1cb  0x08001a30        0xc C:\Users\Simone\AppData\Local\Temp\cco0QMcU.ltrans1.ltrans.o
 *fill*         0x08001a3c        0x4 
 .text.pwmpcb   0x08001a40        0xc C:\Users\Simone\AppData\Local\Temp\cco0QMcU.ltrans1.ltrans.o
 *fill*         0x08001a4c        0x4 
 .text.Destra_Dietro_Down.lto_priv.40
                0x08001a50       0x28 C:\Users\Simone\AppData\Local\Temp\cco0QMcU.ltrans1.ltrans.o
                0x08001a50                Destra_Dietro_Down.lto_priv.40
 *fill*         0x08001a78        0x8 
 .text.Destra_Dietro_up.lto_priv.39
                0x08001a80       0x28 C:\Users\Simone\AppData\Local\Temp\cco0QMcU.ltrans1.ltrans.o
                0x08001a80                Destra_Dietro_up.lto_priv.39
 *fill*         0x08001aa8        0x8 
 .text.Sinistra_Dietro_Down.lto_priv.36
                0x08001ab0       0x28 C:\Users\Simone\AppData\Local\Temp\cco0QMcU.ltrans1.ltrans.o
                0x08001ab0                Sinistra_Dietro_Down.lto_priv.36
 *fill*         0x08001ad8        0x8 
 .text.Sinistra_Dietro_up.lto_priv.35
                0x08001ae0       0x28 C:\Users\Simone\AppData\Local\Temp\cco0QMcU.ltrans1.ltrans.o
                0x08001ae0                Sinistra_Dietro_up.lto_priv.35
 *fill*         0x08001b08        0x8 
 .text.chSchWakeupS.constprop.20
                0x08001b10       0x58 C:\Users\Simone\AppData\Local\Temp\cco0QMcU.ltrans1.ltrans.o
 *fill*         0x08001b68        0x8 
 .text.pwmEnableChannel.constprop.6
                0x08001b70       0x1c C:\Users\Simone\AppData\Local\Temp\cco0QMcU.ltrans1.ltrans.o
                0x08001b70                pwmEnableChannel.constprop.6
 *fill*         0x08001b8c        0x4 
 .text.long_to_string_with_divisor.constprop.3
                0x08001b90       0x44 C:\Users\Simone\AppData\Local\Temp\cco0QMcU.ltrans1.ltrans.o
                0x08001b90                long_to_string_with_divisor.constprop.3
 *fill*         0x08001bd4        0xc 
 .text.sendToESP8266.constprop.2
                0x08001be0       0x1c C:\Users\Simone\AppData\Local\Temp\cco0QMcU.ltrans1.ltrans.o
                0x08001be0                sendToESP8266.constprop.2
 *fill*         0x08001bfc        0x4 
 .text.StrStr.part.0.lto_priv.43
                0x08001c00       0x5c C:\Users\Simone\AppData\Local\Temp\cco0QMcU.ltrans1.ltrans.o
                0x08001c00                StrStr.part.0.lto_priv.43
 *fill*         0x08001c5c        0x4 
 .text.startup.main
                0x08001c60      0x5e8 C:\Users\Simone\AppData\Local\Temp\cco0QMcU.ltrans1.ltrans.o
                0x08001c60                main
 *fill*         0x08002248        0x8 
 .text.strcat   0x08002250       0x34 C:\Users\Simone\AppData\Local\Temp\cco0QMcU.ltrans1.ltrans.o
                0x08002250                strcat
 *fill*         0x08002284        0xc 
 .text.memset   0x08002290       0x9c c:/chibistudio/tools/gnu tools arm embedded/4.9 2015q3/bin/../lib/gcc/arm-none-eabi/4.9.3/../../../../arm-none-eabi/lib/armv7e-m\libg.a(lib_a-memset.o)
                0x08002290                memset
 *fill*         0x0800232c        0x4 
 .text.atoi     0x08002330        0x8 c:/chibistudio/tools/gnu tools arm embedded/4.9 2015q3/bin/../lib/gcc/arm-none-eabi/4.9.3/../../../../arm-none-eabi/lib/armv7e-m\libg.a(lib_a-atoi.o)
                0x08002330                atoi
 *fill*         0x08002338        0x8 
 .text._strtol_r
                0x08002340      0x11c c:/chibistudio/tools/gnu tools arm embedded/4.9 2015q3/bin/../lib/gcc/arm-none-eabi/4.9.3/../../../../arm-none-eabi/lib/armv7e-m\libg.a(lib_a-strtol.o)
                0x08002340                _strtol_r
 *fill*         0x0800245c        0x4 
 .text.strtol   0x08002460       0x18 c:/chibistudio/tools/gnu tools arm embedded/4.9 2015q3/bin/../lib/gcc/arm-none-eabi/4.9.3/../../../../arm-none-eabi/lib/armv7e-m\libg.a(lib_a-strtol.o)
                0x08002460                strtol
 *(.rodata)
 *fill*         0x08002478        0x8 
 .rodata        0x08002480      0x2d0 C:\Users\Simone\AppData\Local\Temp\cco0QMcU.ltrans0.ltrans.o
 *(.rodata.*)
 .rodata.default_config
                0x08002750        0xc C:\Users\Simone\AppData\Local\Temp\cco0QMcU.ltrans0.ltrans.o
 *fill*         0x0800275c        0x4 
 .rodata.str1.4
                0x08002760       0x59 C:\Users\Simone\AppData\Local\Temp\cco0QMcU.ltrans0.ltrans.o
                                 0x5d (size before relaxing)
 *fill*         0x080027b9        0x7 
 .rodata.ram_areas
                0x080027c0       0x80 C:\Users\Simone\AppData\Local\Temp\cco0QMcU.ltrans0.ltrans.o
 .rodata.ch_debug
                0x08002840       0x16 C:\Users\Simone\AppData\Local\Temp\cco0QMcU.ltrans1.ltrans.o
 *fill*         0x08002856        0xa 
 .rodata.vmt    0x08002860       0x20 C:\Users\Simone\AppData\Local\Temp\cco0QMcU.ltrans1.ltrans.o
 .rodata.str1.4
                0x08002880       0x54 C:\Users\Simone\AppData\Local\Temp\cco0QMcU.ltrans1.ltrans.o
 *fill*         0x080028d4        0xc 
 .rodata._ctype_
                0x080028e0      0x101 c:/chibistudio/tools/gnu tools arm embedded/4.9 2015q3/bin/../lib/gcc/arm-none-eabi/4.9.3/../../../../arm-none-eabi/lib/armv7e-m\libg.a(lib_a-ctype_.o)
                0x080028e0                _ctype_
 *fill*         0x080029e1        0xf 
 .rodata.str1.4
                0x080029f0        0x2 c:/chibistudio/tools/gnu tools arm embedded/4.9 2015q3/bin/../lib/gcc/arm-none-eabi/4.9.3/../../../../arm-none-eabi/lib/armv7e-m\libg.a(lib_a-impure.o)
 *(.glue_7t)
 .glue_7t       0x00000000        0x0 linker stubs
 *(.glue_7)
 .glue_7        0x00000000        0x0 linker stubs
 *(.gcc*)

.vfp11_veneer   0x080029f4        0x0
 .vfp11_veneer  0x00000000        0x0 linker stubs

.v4_bx          0x080029f4        0x0
 .v4_bx         0x00000000        0x0 linker stubs

.iplt           0x080029f4        0x0
 .iplt          0x00000000        0x0 build/obj/crt0_v7m.o

.rel.dyn        0x080029f4        0x0
 .rel.iplt      0x00000000        0x0 build/obj/crt0_v7m.o

.ARM.extab
 *(.ARM.extab* .gnu.linkonce.armextab.*)

.ARM.exidx      0x080029f2        0x0
                0x080029f2                __exidx_start = .
 *(.ARM.exidx* .gnu.linkonce.armexidx.*)
                0x080029f2                __exidx_end = .

.eh_frame_hdr
 *(.eh_frame_hdr)

.eh_frame
 *(.eh_frame)

.textalign      0x080029f2        0x6
                0x080029f8                . = ALIGN (0x8)
 *fill*         0x080029f2        0x6 
                0x080029f8                . = ALIGN (0x4)
                0x080029f8                PROVIDE (_etext, .)

.mstack         0x20000000      0x400
                0x20000000                . = ALIGN (0x8)
                0x20000000                __main_stack_base__ = .
                0x20000400                . = (. + __main_stack_size__)
 *fill*         0x20000000      0x400 
                0x20000400                . = ALIGN (0x8)
                0x20000400                __main_stack_end__ = .

.pstack         0x20000400      0x400
                0x20000400                __process_stack_base__ = .
                0x20000400                __main_thread_stack_base__ = .
                0x20000800                . = (. + __process_stack_size__)
 *fill*         0x20000400      0x400 
                0x20000800                . = ALIGN (0x8)
                0x20000800                __process_stack_end__ = .
                0x20000800                __main_thread_stack_end__ = .

.data           0x20000800      0x4b4 load address 0x080029f8
                0x20000800                . = ALIGN (0x4)
                0x080029f8                PROVIDE (_textdata, LOADADDR (.data))
                0x20000800                PROVIDE (_data, .)
                0x080029f8                _textdata_start = LOADADDR (.data)
                0x20000800                _data_start = .
 *(.data)
 *(.data.*)
 .data.uartCfgWiFi
                0x20000800        0xc C:\Users\Simone\AppData\Local\Temp\cco0QMcU.ltrans1.ltrans.o
 .data.pwm1cfg  0x2000080c       0x34 C:\Users\Simone\AppData\Local\Temp\cco0QMcU.ltrans1.ltrans.o
 .data.pwm2cfg  0x20000840       0x34 C:\Users\Simone\AppData\Local\Temp\cco0QMcU.ltrans1.ltrans.o
 .data.uartCfgMonitor
                0x20000874        0xc C:\Users\Simone\AppData\Local\Temp\cco0QMcU.ltrans1.ltrans.o
 .data.__ctype_ptr__
                0x20000880        0x4 c:/chibistudio/tools/gnu tools arm embedded/4.9 2015q3/bin/../lib/gcc/arm-none-eabi/4.9.3/../../../../arm-none-eabi/lib/armv7e-m\libg.a(lib_a-ctype_.o)
                0x20000880                __ctype_ptr__
 *fill*         0x20000884        0x4 
 .data.impure_data
                0x20000888      0x428 c:/chibistudio/tools/gnu tools arm embedded/4.9 2015q3/bin/../lib/gcc/arm-none-eabi/4.9.3/../../../../arm-none-eabi/lib/armv7e-m\libg.a(lib_a-impure.o)
 .data._impure_ptr
                0x20000cb0        0x4 c:/chibistudio/tools/gnu tools arm embedded/4.9 2015q3/bin/../lib/gcc/arm-none-eabi/4.9.3/../../../../arm-none-eabi/lib/armv7e-m\libg.a(lib_a-impure.o)
                0x20000cb0                _impure_ptr
 *(.ramtext)
                0x20000cb4                . = ALIGN (0x4)
                0x20000cb4                PROVIDE (_edata, .)
                0x20000cb4                _data_end = .

.igot.plt       0x20000cb4        0x0 load address 0x08002eac
 .igot.plt      0x00000000        0x0 build/obj/crt0_v7m.o

.bss            0x20000cb8     0xa7b0 load address 0x08002eac
                0x20000cb8                . = ALIGN (0x4)
                0x20000cb8                _bss_start = .
 *(.bss)
 *(.bss.*)
 .bss.clientID  0x20000cb8        0x2 C:\Users\Simone\AppData\Local\Temp\cco0QMcU.ltrans0.ltrans.o
 *fill*         0x20000cba        0x2 
 .bss.command   0x20000cbc        0x9 C:\Users\Simone\AppData\Local\Temp\cco0QMcU.ltrans0.ltrans.o
 .bss.request   0x20000cc5        0x1 C:\Users\Simone\AppData\Local\Temp\cco0QMcU.ltrans0.ltrans.o
 *fill*         0x20000cc6        0x2 
 .bss.nextmem.lto_priv.42
                0x20000cc8        0x4 C:\Users\Simone\AppData\Local\Temp\cco0QMcU.ltrans1.ltrans.o
                0x20000cc8                nextmem.lto_priv.42
 *fill*         0x20000ccc        0x4 
 .bss.waThread1
                0x20000cd0      0x8c8 C:\Users\Simone\AppData\Local\Temp\cco0QMcU.ltrans1.ltrans.o
 .bss.SD1       0x20001598     0x4e78 C:\Users\Simone\AppData\Local\Temp\cco0QMcU.ltrans1.ltrans.o
                0x20001598                SD1
 .bss.SD2       0x20006410     0x4e78 C:\Users\Simone\AppData\Local\Temp\cco0QMcU.ltrans1.ltrans.o
                0x20006410                SD2
 .bss.functioPtrLeftDOWN
                0x2000b288        0x4 C:\Users\Simone\AppData\Local\Temp\cco0QMcU.ltrans1.ltrans.o
                0x2000b288                functioPtrLeftDOWN
 .bss.functioPtrRightUP
                0x2000b28c        0x4 C:\Users\Simone\AppData\Local\Temp\cco0QMcU.ltrans1.ltrans.o
                0x2000b28c                functioPtrRightUP
 .bss.functioPtrRightDOWN
                0x2000b290        0x4 C:\Users\Simone\AppData\Local\Temp\cco0QMcU.ltrans1.ltrans.o
                0x2000b290                functioPtrRightDOWN
 .bss.PWMD1     0x2000b294       0x1c C:\Users\Simone\AppData\Local\Temp\cco0QMcU.ltrans1.ltrans.o
                0x2000b294                PWMD1
 .bss.PWMD3     0x2000b2b0       0x1c C:\Users\Simone\AppData\Local\Temp\cco0QMcU.ltrans1.ltrans.o
                0x2000b2b0                PWMD3
 *fill*         0x2000b2cc        0x4 
 .bss.ch        0x2000b2d0      0x150 C:\Users\Simone\AppData\Local\Temp\cco0QMcU.ltrans1.ltrans.o
                0x2000b2d0                ch
 .bss.default_heap
                0x2000b420       0x20 C:\Users\Simone\AppData\Local\Temp\cco0QMcU.ltrans1.ltrans.o
 .bss.functioPtrLeftUP
                0x2000b440        0x4 C:\Users\Simone\AppData\Local\Temp\cco0QMcU.ltrans1.ltrans.o
                0x2000b440                functioPtrLeftUP
 .bss.mapping   0x2000b444       0x20 C:\Users\Simone\AppData\Local\Temp\cco0QMcU.ltrans1.ltrans.o
 .bss.endmem.lto_priv.41
                0x2000b464        0x4 C:\Users\Simone\AppData\Local\Temp\cco0QMcU.ltrans1.ltrans.o
                0x2000b464                endmem.lto_priv.41
 *(COMMON)
                0x2000b468                . = ALIGN (0x4)
                0x2000b468                _bss_end = .
                0x2000b468                PROVIDE (end, .)

.ram0_init      0x2000b468        0x0 load address 0x08002eac
                0x2000b468                . = ALIGN (0x4)
                0x08002eac                __ram0_init_text__ = LOADADDR (.ram0_init)
                0x2000b468                __ram0_init__ = .
 *(.ram0_init)
 *(.ram0_init.*)
                0x2000b468                . = ALIGN (0x4)

.ram0           0x2000b468        0x0 load address 0x08002eac
                0x2000b468                . = ALIGN (0x4)
                0x2000b468                __ram0_clear__ = .
 *(.ram0_clear)
 *(.ram0_clear.*)
                0x2000b468                . = ALIGN (0x4)
                0x2000b468                __ram0_noinit__ = .
 *(.ram0)
 *(.ram0.*)
                0x2000b468                . = ALIGN (0x4)
                0x2000b468                __ram0_free__ = .

.ram1_init      0x00000000        0x0 load address 0x08002eac
                0x00000000                . = ALIGN (0x4)
                0x08002eac                __ram1_init_text__ = LOADADDR (.ram1_init)
                0x00000000                __ram1_init__ = .
 *(.ram1_init)
 *(.ram1_init.*)
                0x00000000                . = ALIGN (0x4)

.ram1           0x00000000        0x0 load address 0x08002eac
                0x00000000                . = ALIGN (0x4)
                0x00000000                __ram1_clear__ = .
 *(.ram1_clear)
 *(.ram1_clear.*)
                0x00000000                . = ALIGN (0x4)
                0x00000000                __ram1_noinit__ = .
 *(.ram1)
 *(.ram1.*)
                0x00000000                . = ALIGN (0x4)
                0x00000000                __ram1_free__ = .

.ram2_init      0x00000000        0x0 load address 0x08002eac
                0x00000000                . = ALIGN (0x4)
                0x08002eac                __ram2_init_text__ = LOADADDR (.ram2_init)
                0x00000000                __ram2_init__ = .
 *(.ram2_init)
 *(.ram2_init.*)
                0x00000000                . = ALIGN (0x4)

.ram2           0x00000000        0x0 load address 0x08002eac
                0x00000000                . = ALIGN (0x4)
                0x00000000                __ram2_clear__ = .
 *(.ram2_clear)
 *(.ram2_clear.*)
                0x00000000                . = ALIGN (0x4)
                0x00000000                __ram2_noinit__ = .
 *(.ram2)
 *(.ram2.*)
                0x00000000                . = ALIGN (0x4)
                0x00000000                __ram2_free__ = .

.ram3_init      0x00000000        0x0 load address 0x08002eac
                0x00000000                . = ALIGN (0x4)
                0x08002eac                __ram3_init_text__ = LOADADDR (.ram3_init)
                0x00000000                __ram3_init__ = .
 *(.ram3_init)
 *(.ram3_init.*)
                0x00000000                . = ALIGN (0x4)

.ram3           0x00000000        0x0 load address 0x08002eac
                0x00000000                . = ALIGN (0x4)
                0x00000000                __ram3_clear__ = .
 *(.ram3_clear)
 *(.ram3_clear.*)
                0x00000000                . = ALIGN (0x4)
                0x00000000                __ram3_noinit__ = .
 *(.ram3)
 *(.ram3.*)
                0x00000000                . = ALIGN (0x4)
                0x00000000                __ram3_free__ = .

.ram4_init      0x00000000        0x0 load address 0x08002eac
                0x00000000                . = ALIGN (0x4)
                0x08002eac                __ram4_init_text__ = LOADADDR (.ram4_init)
                0x00000000                __ram4_init__ = .
 *(.ram4_init)
 *(.ram4_init.*)
                0x00000000                . = ALIGN (0x4)

.ram4           0x00000000        0x0 load address 0x08002eac
                0x00000000                . = ALIGN (0x4)
                0x00000000                __ram4_clear__ = .
 *(.ram4_clear)
 *(.ram4_clear.*)
                0x00000000                . = ALIGN (0x4)
                0x00000000                __ram4_noinit__ = .
 *(.ram4)
 *(.ram4.*)
                0x00000000                . = ALIGN (0x4)
                0x00000000                __ram4_free__ = .

.ram5_init      0x00000000        0x0 load address 0x08002eac
                0x00000000                . = ALIGN (0x4)
                0x08002eac                __ram5_init_text__ = LOADADDR (.ram5_init)
                0x00000000                __ram5_init__ = .
 *(.ram5_init)
 *(.ram5_init.*)
                0x00000000                . = ALIGN (0x4)

.ram5           0x00000000        0x0 load address 0x08002eac
                0x00000000                . = ALIGN (0x4)
                0x00000000                __ram5_clear__ = .
 *(.ram5_clear)
 *(.ram5_clear.*)
                0x00000000                . = ALIGN (0x4)
                0x00000000                __ram5_noinit__ = .
 *(.ram5)
 *(.ram5.*)
                0x00000000                . = ALIGN (0x4)
                0x00000000                __ram5_free__ = .

.ram6_init      0x00000000        0x0 load address 0x08002eac
                0x00000000                . = ALIGN (0x4)
                0x08002eac                __ram6_init_text__ = LOADADDR (.ram6_init)
                0x00000000                __ram6_init__ = .
 *(.ram6_init)
 *(.ram6_init.*)
                0x00000000                . = ALIGN (0x4)

.ram6           0x00000000        0x0 load address 0x08002eac
                0x00000000                . = ALIGN (0x4)
                0x00000000                __ram6_clear__ = .
 *(.ram6_clear)
 *(.ram6_clear.*)
                0x00000000                . = ALIGN (0x4)
                0x00000000                __ram6_noinit__ = .
 *(.ram6)
 *(.ram6.*)
                0x00000000                . = ALIGN (0x4)
                0x00000000                __ram6_free__ = .

.ram7_init      0x00000000        0x0 load address 0x08002eac
                0x00000000                . = ALIGN (0x4)
                0x08002eac                __ram7_init_text__ = LOADADDR (.ram7_init)
                0x00000000                __ram7_init__ = .
 *(.ram7_init)
 *(.ram7_init.*)
                0x00000000                . = ALIGN (0x4)

.ram7           0x00000000        0x0 load address 0x08002eac
                0x00000000                . = ALIGN (0x4)
                0x00000000                __ram7_clear__ = .
 *(.ram7_clear)
 *(.ram7_clear.*)
                0x00000000                . = ALIGN (0x4)
                0x00000000                __ram7_noinit__ = .
 *(.ram7)
 *(.ram7.*)
                0x00000000                . = ALIGN (0x4)
                0x00000000                __ram7_free__ = .

.heap           0x2000b468     0xcb98
                0x2000b468                . = ALIGN (0x8)
                0x2000b468                __heap_base__ = .
                0x20018000                . = (ORIGIN (HEAP_RAM) + 0x18000)
 *fill*         0x2000b468     0xcb98 
                0x20018000                __heap_end__ = .
                0x00000400                __process_stack_size__ = 0x400
                0x00000400                __main_stack_size__ = 0x400
START GROUP
LOAD c:/chibistudio/tools/gnu tools arm embedded/4.9 2015q3/bin/../lib/gcc/arm-none-eabi/4.9.3/armv7e-m\libgcc.a
LOAD c:/chibistudio/tools/gnu tools arm embedded/4.9 2015q3/bin/../lib/gcc/arm-none-eabi/4.9.3/../../../../arm-none-eabi/lib/armv7e-m\libg.a
LOAD c:/chibistudio/tools/gnu tools arm embedded/4.9 2015q3/bin/../lib/gcc/arm-none-eabi/4.9.3/../../../../arm-none-eabi/lib/armv7e-m\libc.a
END GROUP
OUTPUT(build/ch.elf elf32-littlearm)

.ARM.attributes
                0x00000000       0x2f
 .ARM.attributes
                0x00000000       0x21 build/obj/crt0_v7m.o
 .ARM.attributes
                0x00000021       0x21 build/obj/chcoreasm_v7m.o
 .ARM.attributes
                0x00000042       0x31 C:\Users\Simone\AppData\Local\Temp\cco0QMcU.ltrans0.ltrans.o
 .ARM.attributes
                0x00000073       0x31 C:\Users\Simone\AppData\Local\Temp\cco0QMcU.ltrans1.ltrans.o
 .ARM.attributes
                0x000000a4       0x2e c:/chibistudio/tools/gnu tools arm embedded/4.9 2015q3/bin/../lib/gcc/arm-none-eabi/4.9.3/../../../../arm-none-eabi/lib/armv7e-m\libg.a(lib_a-memset.o)
 .ARM.attributes
                0x000000d2       0x2e c:/chibistudio/tools/gnu tools arm embedded/4.9 2015q3/bin/../lib/gcc/arm-none-eabi/4.9.3/../../../../arm-none-eabi/lib/armv7e-m\libg.a(lib_a-atoi.o)
 .ARM.attributes
                0x00000100       0x2e c:/chibistudio/tools/gnu tools arm embedded/4.9 2015q3/bin/../lib/gcc/arm-none-eabi/4.9.3/../../../../arm-none-eabi/lib/armv7e-m\libg.a(lib_a-strtol.o)
 .ARM.attributes
                0x0000012e       0x2e c:/chibistudio/tools/gnu tools arm embedded/4.9 2015q3/bin/../lib/gcc/arm-none-eabi/4.9.3/../../../../arm-none-eabi/lib/armv7e-m\libg.a(lib_a-ctype_.o)
 .ARM.attributes
                0x0000015c       0x2e c:/chibistudio/tools/gnu tools arm embedded/4.9 2015q3/bin/../lib/gcc/arm-none-eabi/4.9.3/../../../../arm-none-eabi/lib/armv7e-m\libg.a(lib_a-impure.o)

.comment        0x00000000       0x70
 .comment       0x00000000       0x70 C:\Users\Simone\AppData\Local\Temp\cco0QMcU.ltrans0.ltrans.o
                                 0x71 (size before relaxing)
 .comment       0x00000000       0x71 C:\Users\Simone\AppData\Local\Temp\cco0QMcU.ltrans1.ltrans.o

.debug_info     0x00000000     0x7ab0
 .debug_info    0x00000000     0x4f3e C:\Users\Simone\AppData\Local\Temp\cco0QMcU.ltrans0.ltrans.o
 .debug_info    0x00004f3e     0x2b72 C:\Users\Simone\AppData\Local\Temp\cco0QMcU.ltrans1.ltrans.o

.debug_abbrev   0x00000000      0xd71
 .debug_abbrev  0x00000000      0x7ec C:\Users\Simone\AppData\Local\Temp\cco0QMcU.ltrans0.ltrans.o
 .debug_abbrev  0x000007ec      0x585 C:\Users\Simone\AppData\Local\Temp\cco0QMcU.ltrans1.ltrans.o

.debug_loc      0x00000000     0x2bcf
 .debug_loc     0x00000000     0x270e C:\Users\Simone\AppData\Local\Temp\cco0QMcU.ltrans0.ltrans.o
 .debug_loc     0x0000270e      0x4c1 C:\Users\Simone\AppData\Local\Temp\cco0QMcU.ltrans1.ltrans.o

.debug_aranges  0x00000000      0x278
 .debug_aranges
                0x00000000      0x1b0 C:\Users\Simone\AppData\Local\Temp\cco0QMcU.ltrans0.ltrans.o
 .debug_aranges
                0x000001b0       0xc8 C:\Users\Simone\AppData\Local\Temp\cco0QMcU.ltrans1.ltrans.o

.debug_ranges   0x00000000     0x1128
 .debug_ranges  0x00000000      0x900 C:\Users\Simone\AppData\Local\Temp\cco0QMcU.ltrans0.ltrans.o
 .debug_ranges  0x00000900      0x828 C:\Users\Simone\AppData\Local\Temp\cco0QMcU.ltrans1.ltrans.o

.debug_line     0x00000000     0x21ab
 .debug_line    0x00000000     0x1428 C:\Users\Simone\AppData\Local\Temp\cco0QMcU.ltrans0.ltrans.o
 .debug_line    0x00001428      0xd83 C:\Users\Simone\AppData\Local\Temp\cco0QMcU.ltrans1.ltrans.o

.debug_str      0x00000000     0x1c22
 .debug_str     0x00000000     0x13a9 C:\Users\Simone\AppData\Local\Temp\cco0QMcU.ltrans0.ltrans.o
                               0x1479 (size before relaxing)
 .debug_str     0x000013a9      0x879 C:\Users\Simone\AppData\Local\Temp\cco0QMcU.ltrans1.ltrans.o
                               0x1225 (size before relaxing)

.debug_frame    0x00000000      0x8a8
 .debug_frame   0x00000000      0x5a8 C:\Users\Simone\AppData\Local\Temp\cco0QMcU.ltrans0.ltrans.o
 .debug_frame   0x000005a8      0x248 C:\Users\Simone\AppData\Local\Temp\cco0QMcU.ltrans1.ltrans.o
 .debug_frame   0x000007f0       0x34 c:/chibistudio/tools/gnu tools arm embedded/4.9 2015q3/bin/../lib/gcc/arm-none-eabi/4.9.3/../../../../arm-none-eabi/lib/armv7e-m\libg.a(lib_a-memset.o)
 .debug_frame   0x00000824       0x30 c:/chibistudio/tools/gnu tools arm embedded/4.9 2015q3/bin/../lib/gcc/arm-none-eabi/4.9.3/../../../../arm-none-eabi/lib/armv7e-m\libg.a(lib_a-atoi.o)
 .debug_frame   0x00000854       0x54 c:/chibistudio/tools/gnu tools arm embedded/4.9 2015q3/bin/../lib/gcc/arm-none-eabi/4.9.3/../../../../arm-none-eabi/lib/armv7e-m\libg.a(lib_a-strtol.o)

Cross Reference Table

Symbol                                            File
BusFault_Handler                                  build/obj/vectors.o (symbol from plugin)
DebugMon_Handler                                  build/obj/vectors.o (symbol from plugin)
Destra_Avanti_Down.lto_priv.38                    C:\Users\Simone\AppData\Local\Temp\cco0QMcU.ltrans1.ltrans.o
                                                  C:\Users\Simone\AppData\Local\Temp\cco0QMcU.ltrans0.ltrans.o
Destra_Avanti_up.lto_priv.37                      C:\Users\Simone\AppData\Local\Temp\cco0QMcU.ltrans1.ltrans.o
                                                  C:\Users\Simone\AppData\Local\Temp\cco0QMcU.ltrans0.ltrans.o
Destra_Dietro_Down.lto_priv.40                    C:\Users\Simone\AppData\Local\Temp\cco0QMcU.ltrans1.ltrans.o
                                                  C:\Users\Simone\AppData\Local\Temp\cco0QMcU.ltrans0.ltrans.o
Destra_Dietro_up.lto_priv.39                      C:\Users\Simone\AppData\Local\Temp\cco0QMcU.ltrans1.ltrans.o
                                                  C:\Users\Simone\AppData\Local\Temp\cco0QMcU.ltrans0.ltrans.o
ESP8266_setAsAP                                   build/obj/main.o (symbol from plugin)
ESP8266_setAsClient                               build/obj/main.o (symbol from plugin)
HardFault_Handler                                 build/obj/vectors.o (symbol from plugin)
MemManage_Handler                                 build/obj/vectors.o (symbol from plugin)
NMI_Handler                                       build/obj/vectors.o (symbol from plugin)
PWMD1                                             C:\Users\Simone\AppData\Local\Temp\cco0QMcU.ltrans1.ltrans.o
                                                  build/obj/pwm_lld.o (symbol from plugin)
                                                  C:\Users\Simone\AppData\Local\Temp\cco0QMcU.ltrans0.ltrans.o
                                                  build/obj/main.o (symbol from plugin)
PWMD3                                             C:\Users\Simone\AppData\Local\Temp\cco0QMcU.ltrans1.ltrans.o
                                                  build/obj/pwm_lld.o (symbol from plugin)
                                                  C:\Users\Simone\AppData\Local\Temp\cco0QMcU.ltrans0.ltrans.o
                                                  build/obj/main.o (symbol from plugin)
PendSV_Handler                                    build/obj/vectors.o (symbol from plugin)
Reset_Handler                                     build/obj/crt0_v7m.o
                                                  C:\Users\Simone\AppData\Local\Temp\cco0QMcU.ltrans0.ltrans.o
                                                  build/obj/vectors.o (symbol from plugin)
SD1                                               C:\Users\Simone\AppData\Local\Temp\cco0QMcU.ltrans1.ltrans.o
                                                  build/obj/serial_lld.o (symbol from plugin)
                                                  C:\Users\Simone\AppData\Local\Temp\cco0QMcU.ltrans0.ltrans.o
                                                  build/obj/main.o (symbol from plugin)
SD2                                               C:\Users\Simone\AppData\Local\Temp\cco0QMcU.ltrans1.ltrans.o
                                                  build/obj/serial_lld.o (symbol from plugin)
                                                  C:\Users\Simone\AppData\Local\Temp\cco0QMcU.ltrans0.ltrans.o
                                                  build/obj/main.o (symbol from plugin)
SVC_Handler                                       build/obj/chcore_v7m.o (symbol from plugin)
                                                  build/obj/vectors.o (symbol from plugin)
Sinistra_Avanti_Down.lto_priv.34                  C:\Users\Simone\AppData\Local\Temp\cco0QMcU.ltrans1.ltrans.o
                                                  C:\Users\Simone\AppData\Local\Temp\cco0QMcU.ltrans0.ltrans.o
Sinistra_Avanti_up.lto_priv.33                    C:\Users\Simone\AppData\Local\Temp\cco0QMcU.ltrans1.ltrans.o
                                                  C:\Users\Simone\AppData\Local\Temp\cco0QMcU.ltrans0.ltrans.o
Sinistra_Dietro_Down.lto_priv.36                  C:\Users\Simone\AppData\Local\Temp\cco0QMcU.ltrans1.ltrans.o
                                                  C:\Users\Simone\AppData\Local\Temp\cco0QMcU.ltrans0.ltrans.o
Sinistra_Dietro_up.lto_priv.35                    C:\Users\Simone\AppData\Local\Temp\cco0QMcU.ltrans1.ltrans.o
                                                  C:\Users\Simone\AppData\Local\Temp\cco0QMcU.ltrans0.ltrans.o
StrStr                                            build/obj/main.o (symbol from plugin)
StrStr.part.0.lto_priv.43                         C:\Users\Simone\AppData\Local\Temp\cco0QMcU.ltrans1.ltrans.o
                                                  C:\Users\Simone\AppData\Local\Temp\cco0QMcU.ltrans0.ltrans.o
SysTick_Handler                                   build/obj/vectors.o (symbol from plugin)
SystemCoreClock                                   build/obj/hal_lld.o (symbol from plugin)
TestThread                                        build/obj/test.o (symbol from plugin)
Uart1EVT_Thread.lto_priv.21                       C:\Users\Simone\AppData\Local\Temp\cco0QMcU.ltrans0.ltrans.o
                                                  C:\Users\Simone\AppData\Local\Temp\cco0QMcU.ltrans1.ltrans.o
UsageFault_Handler                                build/obj/vectors.o (symbol from plugin)
Vector100                                         build/obj/vectors.o (symbol from plugin)
Vector104                                         build/obj/vectors.o (symbol from plugin)
Vector108                                         build/obj/vectors.o (symbol from plugin)
Vector10C                                         build/obj/vectors.o (symbol from plugin)
Vector110                                         build/obj/vectors.o (symbol from plugin)
Vector114                                         build/obj/vectors.o (symbol from plugin)
Vector118                                         build/obj/vectors.o (symbol from plugin)
Vector11C                                         build/obj/vectors.o (symbol from plugin)
Vector120                                         build/obj/vectors.o (symbol from plugin)
Vector124                                         build/obj/vectors.o (symbol from plugin)
Vector128                                         build/obj/vectors.o (symbol from plugin)
Vector12C                                         build/obj/vectors.o (symbol from plugin)
Vector130                                         build/obj/vectors.o (symbol from plugin)
Vector134                                         build/obj/vectors.o (symbol from plugin)
Vector138                                         build/obj/vectors.o (symbol from plugin)
Vector13C                                         build/obj/vectors.o (symbol from plugin)
Vector140                                         build/obj/vectors.o (symbol from plugin)
Vector144                                         build/obj/vectors.o (symbol from plugin)
Vector148                                         build/obj/vectors.o (symbol from plugin)
Vector14C                                         build/obj/vectors.o (symbol from plugin)
Vector150                                         build/obj/vectors.o (symbol from plugin)
Vector154                                         build/obj/vectors.o (symbol from plugin)
Vector158                                         build/obj/vectors.o (symbol from plugin)
Vector15C                                         build/obj/vectors.o (symbol from plugin)
Vector160                                         build/obj/vectors.o (symbol from plugin)
Vector164                                         build/obj/vectors.o (symbol from plugin)
Vector168                                         build/obj/vectors.o (symbol from plugin)
Vector16C                                         build/obj/vectors.o (symbol from plugin)
Vector170                                         build/obj/vectors.o (symbol from plugin)
Vector174                                         build/obj/vectors.o (symbol from plugin)
Vector178                                         build/obj/vectors.o (symbol from plugin)
Vector17C                                         build/obj/vectors.o (symbol from plugin)
Vector180                                         build/obj/vectors.o (symbol from plugin)
Vector184                                         build/obj/vectors.o (symbol from plugin)
Vector188                                         build/obj/vectors.o (symbol from plugin)
Vector18C                                         build/obj/vectors.o (symbol from plugin)
Vector190                                         build/obj/vectors.o (symbol from plugin)
Vector194                                         build/obj/vectors.o (symbol from plugin)
Vector198                                         build/obj/vectors.o (symbol from plugin)
Vector19C                                         build/obj/vectors.o (symbol from plugin)
Vector1A0                                         build/obj/vectors.o (symbol from plugin)
Vector1A4                                         build/obj/vectors.o (symbol from plugin)
Vector1A8                                         build/obj/vectors.o (symbol from plugin)
Vector1AC                                         build/obj/vectors.o (symbol from plugin)
Vector1B0                                         build/obj/vectors.o (symbol from plugin)
Vector1B4                                         build/obj/vectors.o (symbol from plugin)
Vector1B8                                         build/obj/vectors.o (symbol from plugin)
Vector1BC                                         build/obj/vectors.o (symbol from plugin)
Vector1C                                          build/obj/vectors.o (symbol from plugin)
Vector20                                          build/obj/vectors.o (symbol from plugin)
Vector24                                          build/obj/vectors.o (symbol from plugin)
Vector28                                          build/obj/vectors.o (symbol from plugin)
Vector34                                          build/obj/vectors.o (symbol from plugin)
Vector40                                          build/obj/vectors.o (symbol from plugin)
Vector44                                          build/obj/vectors.o (symbol from plugin)
Vector48                                          build/obj/vectors.o (symbol from plugin)
Vector4C                                          build/obj/vectors.o (symbol from plugin)
Vector50                                          build/obj/vectors.o (symbol from plugin)
Vector54                                          build/obj/vectors.o (symbol from plugin)
Vector58                                          build/obj/vectors.o (symbol from plugin)
Vector5C                                          build/obj/vectors.o (symbol from plugin)
Vector60                                          build/obj/vectors.o (symbol from plugin)
Vector64                                          build/obj/vectors.o (symbol from plugin)
Vector68                                          build/obj/vectors.o (symbol from plugin)
Vector6C                                          build/obj/vectors.o (symbol from plugin)
Vector70                                          build/obj/vectors.o (symbol from plugin)
Vector74                                          build/obj/vectors.o (symbol from plugin)
Vector78                                          build/obj/vectors.o (symbol from plugin)
Vector7C                                          build/obj/vectors.o (symbol from plugin)
Vector80                                          build/obj/vectors.o (symbol from plugin)
Vector84                                          build/obj/vectors.o (symbol from plugin)
Vector88                                          build/obj/vectors.o (symbol from plugin)
Vector8C                                          build/obj/vectors.o (symbol from plugin)
Vector90                                          build/obj/vectors.o (symbol from plugin)
Vector94                                          build/obj/vectors.o (symbol from plugin)
Vector98                                          build/obj/vectors.o (symbol from plugin)
Vector9C                                          build/obj/vectors.o (symbol from plugin)
VectorA0                                          build/obj/vectors.o (symbol from plugin)
VectorA4                                          build/obj/pwm_lld.o (symbol from plugin)
                                                  build/obj/vectors.o (symbol from plugin)
VectorA8                                          build/obj/vectors.o (symbol from plugin)
VectorAC                                          build/obj/pwm_lld.o (symbol from plugin)
                                                  build/obj/vectors.o (symbol from plugin)
VectorB0                                          build/obj/st_lld.o (symbol from plugin)
                                                  build/obj/vectors.o (symbol from plugin)
VectorB4                                          build/obj/pwm_lld.o (symbol from plugin)
                                                  build/obj/vectors.o (symbol from plugin)
VectorB8                                          build/obj/vectors.o (symbol from plugin)
VectorBC                                          build/obj/vectors.o (symbol from plugin)
VectorC0                                          build/obj/vectors.o (symbol from plugin)
VectorC4                                          build/obj/vectors.o (symbol from plugin)
VectorC8                                          build/obj/vectors.o (symbol from plugin)
VectorCC                                          build/obj/vectors.o (symbol from plugin)
VectorD0                                          build/obj/vectors.o (symbol from plugin)
VectorD4                                          build/obj/serial_lld.o (symbol from plugin)
                                                  build/obj/vectors.o (symbol from plugin)
VectorD8                                          build/obj/serial_lld.o (symbol from plugin)
                                                  build/obj/vectors.o (symbol from plugin)
VectorDC                                          build/obj/vectors.o (symbol from plugin)
VectorE0                                          build/obj/vectors.o (symbol from plugin)
VectorE4                                          build/obj/vectors.o (symbol from plugin)
VectorE8                                          build/obj/vectors.o (symbol from plugin)
VectorEC                                          build/obj/vectors.o (symbol from plugin)
VectorF0                                          build/obj/vectors.o (symbol from plugin)
VectorF4                                          build/obj/vectors.o (symbol from plugin)
VectorF8                                          build/obj/vectors.o (symbol from plugin)
VectorFC                                          build/obj/vectors.o (symbol from plugin)
__core_init                                       C:\Users\Simone\AppData\Local\Temp\cco0QMcU.ltrans0.ltrans.o
                                                  build/obj/crt1.o (symbol from plugin)
                                                  build/obj/crt0_v7m.o
__ctype_ptr__                                     c:/chibistudio/tools/gnu tools arm embedded/4.9 2015q3/bin/../lib/gcc/arm-none-eabi/4.9.3/../../../../arm-none-eabi/lib/armv7e-m\libg.a(lib_a-ctype_.o)
                                                  c:/chibistudio/tools/gnu tools arm embedded/4.9 2015q3/bin/../lib/gcc/arm-none-eabi/4.9.3/../../../../arm-none-eabi/lib/armv7e-m\libg.a(lib_a-strtol.o)
__default_exit                                    C:\Users\Simone\AppData\Local\Temp\cco0QMcU.ltrans0.ltrans.o
                                                  build/obj/crt1.o (symbol from plugin)
                                                  build/obj/crt0_v7m.o
__early_init                                      C:\Users\Simone\AppData\Local\Temp\cco0QMcU.ltrans0.ltrans.o
                                                  build/obj/board.o (symbol from plugin)
                                                  build/obj/crt1.o (symbol from plugin)
                                                  build/obj/crt0_v7m.o
__fini_array_end                                  build/obj/crt0_v7m.o
__fini_array_start                                build/obj/crt0_v7m.o
__heap_base__                                     C:\Users\Simone\AppData\Local\Temp\cco0QMcU.ltrans1.ltrans.o
                                                  build/obj/chmemcore.o (symbol from plugin)
__heap_end__                                      C:\Users\Simone\AppData\Local\Temp\cco0QMcU.ltrans1.ltrans.o
                                                  build/obj/chmemcore.o (symbol from plugin)
__init_array_end                                  build/obj/crt0_v7m.o
__init_array_start                                build/obj/crt0_v7m.o
__init_ram_areas                                  C:\Users\Simone\AppData\Local\Temp\cco0QMcU.ltrans0.ltrans.o
                                                  build/obj/crt1.o (symbol from plugin)
                                                  build/obj/crt0_v7m.o
__late_init                                       C:\Users\Simone\AppData\Local\Temp\cco0QMcU.ltrans0.ltrans.o
                                                  build/obj/crt1.o (symbol from plugin)
                                                  build/obj/crt0_v7m.o
__main_stack_base__                               build/obj/crt0_v7m.o
__main_stack_end__                                C:\Users\Simone\AppData\Local\Temp\cco0QMcU.ltrans0.ltrans.o
                                                  build/obj/vectors.o (symbol from plugin)
                                                  build/obj/crt0_v7m.o
__process_stack_base__                            build/obj/crt0_v7m.o
__process_stack_end__                             build/obj/crt0_v7m.o
__ram0_clear__                                    C:\Users\Simone\AppData\Local\Temp\cco0QMcU.ltrans0.ltrans.o
                                                  build/obj/crt1.o (symbol from plugin)
__ram0_init__                                     C:\Users\Simone\AppData\Local\Temp\cco0QMcU.ltrans0.ltrans.o
                                                  build/obj/crt1.o (symbol from plugin)
__ram0_init_text__                                C:\Users\Simone\AppData\Local\Temp\cco0QMcU.ltrans0.ltrans.o
                                                  build/obj/crt1.o (symbol from plugin)
__ram0_noinit__                                   C:\Users\Simone\AppData\Local\Temp\cco0QMcU.ltrans0.ltrans.o
                                                  build/obj/crt1.o (symbol from plugin)
__ram1_clear__                                    C:\Users\Simone\AppData\Local\Temp\cco0QMcU.ltrans0.ltrans.o
                                                  build/obj/crt1.o (symbol from plugin)
__ram1_init__                                     C:\Users\Simone\AppData\Local\Temp\cco0QMcU.ltrans0.ltrans.o
                                                  build/obj/crt1.o (symbol from plugin)
__ram1_init_text__                                C:\Users\Simone\AppData\Local\Temp\cco0QMcU.ltrans0.ltrans.o
                                                  build/obj/crt1.o (symbol from plugin)
__ram1_noinit__                                   C:\Users\Simone\AppData\Local\Temp\cco0QMcU.ltrans0.ltrans.o
                                                  build/obj/crt1.o (symbol from plugin)
__ram2_clear__                                    C:\Users\Simone\AppData\Local\Temp\cco0QMcU.ltrans0.ltrans.o
                                                  build/obj/crt1.o (symbol from plugin)
__ram2_init__                                     C:\Users\Simone\AppData\Local\Temp\cco0QMcU.ltrans0.ltrans.o
                                                  build/obj/crt1.o (symbol from plugin)
__ram2_init_text__                                C:\Users\Simone\AppData\Local\Temp\cco0QMcU.ltrans0.ltrans.o
                                                  build/obj/crt1.o (symbol from plugin)
__ram2_noinit__                                   C:\Users\Simone\AppData\Local\Temp\cco0QMcU.ltrans0.ltrans.o
                                                  build/obj/crt1.o (symbol from plugin)
__ram3_clear__                                    C:\Users\Simone\AppData\Local\Temp\cco0QMcU.ltrans0.ltrans.o
                                                  build/obj/crt1.o (symbol from plugin)
__ram3_init__                                     C:\Users\Simone\AppData\Local\Temp\cco0QMcU.ltrans0.ltrans.o
                                                  build/obj/crt1.o (symbol from plugin)
__ram3_init_text__                                C:\Users\Simone\AppData\Local\Temp\cco0QMcU.ltrans0.ltrans.o
                                                  build/obj/crt1.o (symbol from plugin)
__ram3_noinit__                                   C:\Users\Simone\AppData\Local\Temp\cco0QMcU.ltrans0.ltrans.o
                                                  build/obj/crt1.o (symbol from plugin)
__ram4_clear__                                    C:\Users\Simone\AppData\Local\Temp\cco0QMcU.ltrans0.ltrans.o
                                                  build/obj/crt1.o (symbol from plugin)
__ram4_init__                                     C:\Users\Simone\AppData\Local\Temp\cco0QMcU.ltrans0.ltrans.o
                                                  build/obj/crt1.o (symbol from plugin)
__ram4_init_text__                                C:\Users\Simone\AppData\Local\Temp\cco0QMcU.ltrans0.ltrans.o
                                                  build/obj/crt1.o (symbol from plugin)
__ram4_noinit__                                   C:\Users\Simone\AppData\Local\Temp\cco0QMcU.ltrans0.ltrans.o
                                                  build/obj/crt1.o (symbol from plugin)
__ram5_clear__                                    C:\Users\Simone\AppData\Local\Temp\cco0QMcU.ltrans0.ltrans.o
                                                  build/obj/crt1.o (symbol from plugin)
__ram5_init__                                     C:\Users\Simone\AppData\Local\Temp\cco0QMcU.ltrans0.ltrans.o
                                                  build/obj/crt1.o (symbol from plugin)
__ram5_init_text__                                C:\Users\Simone\AppData\Local\Temp\cco0QMcU.ltrans0.ltrans.o
                                                  build/obj/crt1.o (symbol from plugin)
__ram5_noinit__                                   C:\Users\Simone\AppData\Local\Temp\cco0QMcU.ltrans0.ltrans.o
                                                  build/obj/crt1.o (symbol from plugin)
__ram6_clear__                                    C:\Users\Simone\AppData\Local\Temp\cco0QMcU.ltrans0.ltrans.o
                                                  build/obj/crt1.o (symbol from plugin)
__ram6_init__                                     C:\Users\Simone\AppData\Local\Temp\cco0QMcU.ltrans0.ltrans.o
                                                  build/obj/crt1.o (symbol from plugin)
__ram6_init_text__                                C:\Users\Simone\AppData\Local\Temp\cco0QMcU.ltrans0.ltrans.o
                                                  build/obj/crt1.o (symbol from plugin)
__ram6_noinit__                                   C:\Users\Simone\AppData\Local\Temp\cco0QMcU.ltrans0.ltrans.o
                                                  build/obj/crt1.o (symbol from plugin)
__ram7_clear__                                    C:\Users\Simone\AppData\Local\Temp\cco0QMcU.ltrans0.ltrans.o
                                                  build/obj/crt1.o (symbol from plugin)
__ram7_init__                                     C:\Users\Simone\AppData\Local\Temp\cco0QMcU.ltrans0.ltrans.o
                                                  build/obj/crt1.o (symbol from plugin)
__ram7_init_text__                                C:\Users\Simone\AppData\Local\Temp\cco0QMcU.ltrans0.ltrans.o
                                                  build/obj/crt1.o (symbol from plugin)
__ram7_noinit__                                   C:\Users\Simone\AppData\Local\Temp\cco0QMcU.ltrans0.ltrans.o
                                                  build/obj/crt1.o (symbol from plugin)
_atoi_r                                           c:/chibistudio/tools/gnu tools arm embedded/4.9 2015q3/bin/../lib/gcc/arm-none-eabi/4.9.3/../../../../arm-none-eabi/lib/armv7e-m\libg.a(lib_a-atoi.o)
_bss_end                                          build/obj/crt0_v7m.o
_bss_start                                        build/obj/crt0_v7m.o
_core_init                                        build/obj/chmemcore.o (symbol from plugin)
                                                  build/obj/chsys.o (symbol from plugin)
_ctype_                                           c:/chibistudio/tools/gnu tools arm embedded/4.9 2015q3/bin/../lib/gcc/arm-none-eabi/4.9.3/../../../../arm-none-eabi/lib/armv7e-m\libg.a(lib_a-ctype_.o)
_data_end                                         build/obj/crt0_v7m.o
_data_start                                       build/obj/crt0_v7m.o
_global_impure_ptr                                c:/chibistudio/tools/gnu tools arm embedded/4.9 2015q3/bin/../lib/gcc/arm-none-eabi/4.9.3/../../../../arm-none-eabi/lib/armv7e-m\libg.a(lib_a-impure.o)
_heap_init                                        build/obj/chheap.o (symbol from plugin)
                                                  build/obj/chsys.o (symbol from plugin)
_idle_thread.lto_priv.22                          C:\Users\Simone\AppData\Local\Temp\cco0QMcU.ltrans0.ltrans.o
                                                  C:\Users\Simone\AppData\Local\Temp\cco0QMcU.ltrans1.ltrans.o
_impure_ptr                                       c:/chibistudio/tools/gnu tools arm embedded/4.9 2015q3/bin/../lib/gcc/arm-none-eabi/4.9.3/../../../../arm-none-eabi/lib/armv7e-m\libg.a(lib_a-impure.o)
                                                  c:/chibistudio/tools/gnu tools arm embedded/4.9 2015q3/bin/../lib/gcc/arm-none-eabi/4.9.3/../../../../arm-none-eabi/lib/armv7e-m\libg.a(lib_a-strtol.o)
_pal_lld_init                                     build/obj/pal_lld.o (symbol from plugin)
                                                  build/obj/hal.o (symbol from plugin)
_pal_lld_setgroupmode                             C:\Users\Simone\AppData\Local\Temp\cco0QMcU.ltrans0.ltrans.o
                                                  build/obj/pal_lld.o (symbol from plugin)
                                                  C:\Users\Simone\AppData\Local\Temp\cco0QMcU.ltrans1.ltrans.o
                                                  build/obj/main.o (symbol from plugin)
                                                  build/obj/pal.o (symbol from plugin)
_port_exit_from_isr                               build/obj/chcoreasm_v7m.o
                                                  C:\Users\Simone\AppData\Local\Temp\cco0QMcU.ltrans0.ltrans.o
                                                  build/obj/chcore_v7m.o (symbol from plugin)
_port_irq_epilogue                                build/obj/chcore_v7m.o (symbol from plugin)
                                                  build/obj/serial_lld.o (symbol from plugin)
                                                  build/obj/pwm_lld.o (symbol from plugin)
                                                  build/obj/st_lld.o (symbol from plugin)
_port_switch                                      build/obj/chcoreasm_v7m.o
                                                  C:\Users\Simone\AppData\Local\Temp\cco0QMcU.ltrans1.ltrans.o
                                                  C:\Users\Simone\AppData\Local\Temp\cco0QMcU.ltrans0.ltrans.o
                                                  build/obj/chschd.o (symbol from plugin)
_port_switch_from_isr                             build/obj/chcoreasm_v7m.o
                                                  C:\Users\Simone\AppData\Local\Temp\cco0QMcU.ltrans0.ltrans.o
                                                  build/obj/chcore_v7m.o (symbol from plugin)
_port_thread_start                                build/obj/chcoreasm_v7m.o
                                                  C:\Users\Simone\AppData\Local\Temp\cco0QMcU.ltrans1.ltrans.o
                                                  build/obj/chthreads.o (symbol from plugin)
_scheduler_init                                   build/obj/chschd.o (symbol from plugin)
                                                  build/obj/chsys.o (symbol from plugin)
_strtol_r                                         c:/chibistudio/tools/gnu tools arm embedded/4.9 2015q3/bin/../lib/gcc/arm-none-eabi/4.9.3/../../../../arm-none-eabi/lib/armv7e-m\libg.a(lib_a-strtol.o)
                                                  c:/chibistudio/tools/gnu tools arm embedded/4.9 2015q3/bin/../lib/gcc/arm-none-eabi/4.9.3/../../../../arm-none-eabi/lib/armv7e-m\libg.a(lib_a-atoi.o)
_test_assert                                      build/obj/test.o (symbol from plugin)
                                                  build/obj/testsys.o (symbol from plugin)
                                                  build/obj/testqueues.o (symbol from plugin)
                                                  build/obj/testdyn.o (symbol from plugin)
                                                  build/obj/testpools.o (symbol from plugin)
                                                  build/obj/testheap.o (symbol from plugin)
                                                  build/obj/testevt.o (symbol from plugin)
                                                  build/obj/testmbox.o (symbol from plugin)
                                                  build/obj/testmtx.o (symbol from plugin)
                                                  build/obj/testsem.o (symbol from plugin)
                                                  build/obj/testthd.o (symbol from plugin)
_test_assert_sequence                             build/obj/test.o (symbol from plugin)
                                                  build/obj/testqueues.o (symbol from plugin)
                                                  build/obj/testdyn.o (symbol from plugin)
                                                  build/obj/testevt.o (symbol from plugin)
                                                  build/obj/testmbox.o (symbol from plugin)
                                                  build/obj/testmsg.o (symbol from plugin)
                                                  build/obj/testmtx.o (symbol from plugin)
                                                  build/obj/testsem.o (symbol from plugin)
                                                  build/obj/testthd.o (symbol from plugin)
_test_assert_time_window                          build/obj/test.o (symbol from plugin)
                                                  build/obj/testevt.o (symbol from plugin)
                                                  build/obj/testsem.o (symbol from plugin)
                                                  build/obj/testthd.o (symbol from plugin)
_test_fail                                        build/obj/test.o (symbol from plugin)
_textdata_start                                   build/obj/crt0_v7m.o
_thread_init                                      build/obj/chthreads.o (symbol from plugin)
                                                  build/obj/chsys.o (symbol from plugin)
_tm_init                                          build/obj/chtm.o (symbol from plugin)
                                                  build/obj/chsys.o (symbol from plugin)
_unhandled_exception                              build/obj/vectors.o (symbol from plugin)
_vectors                                          C:\Users\Simone\AppData\Local\Temp\cco0QMcU.ltrans0.ltrans.o
                                                  build/obj/vectors.o (symbol from plugin)
_vt_init                                          build/obj/chvt.o (symbol from plugin)
                                                  build/obj/chsys.o (symbol from plugin)
atoi                                              c:/chibistudio/tools/gnu tools arm embedded/4.9 2015q3/bin/../lib/gcc/arm-none-eabi/4.9.3/../../../../arm-none-eabi/lib/armv7e-m\libg.a(lib_a-atoi.o)
                                                  C:\Users\Simone\AppData\Local\Temp\cco0QMcU.ltrans0.ltrans.o
                                                  build/obj/main.o (symbol from plugin)
blinkBoardLed                                     build/obj/main.o (symbol from plugin)
boardInit                                         build/obj/board.o (symbol from plugin)
                                                  build/obj/hal.o (symbol from plugin)
ch                                                C:\Users\Simone\AppData\Local\Temp\cco0QMcU.ltrans1.ltrans.o
                                                  build/obj/chschd.o (symbol from plugin)
                                                  C:\Users\Simone\AppData\Local\Temp\cco0QMcU.ltrans0.ltrans.o
                                                  build/obj/testbmk.o (symbol from plugin)
                                                  build/obj/testqueues.o (symbol from plugin)
                                                  build/obj/testdyn.o (symbol from plugin)
                                                  build/obj/testevt.o (symbol from plugin)
                                                  build/obj/testmsg.o (symbol from plugin)
                                                  build/obj/testmtx.o (symbol from plugin)
                                                  build/obj/testsem.o (symbol from plugin)
                                                  build/obj/testthd.o (symbol from plugin)
                                                  build/obj/chmsg.o (symbol from plugin)
                                                  build/obj/chevents.o (symbol from plugin)
                                                  build/obj/chcond.o (symbol from plugin)
                                                  build/obj/chmtx.o (symbol from plugin)
                                                  build/obj/chsem.o (symbol from plugin)
                                                  build/obj/chregistry.o (symbol from plugin)
                                                  build/obj/chtm.o (symbol from plugin)
                                                  build/obj/chthreads.o (symbol from plugin)
                                                  build/obj/chvt.o (symbol from plugin)
                                                  build/obj/chsys.o (symbol from plugin)
chCondBroadcast                                   build/obj/chcond.o (symbol from plugin)
                                                  build/obj/testmtx.o (symbol from plugin)
chCondBroadcastI                                  build/obj/chcond.o (symbol from plugin)
chCondObjectInit                                  build/obj/chcond.o (symbol from plugin)
                                                  build/obj/testmtx.o (symbol from plugin)
chCondSignal                                      build/obj/chcond.o (symbol from plugin)
                                                  build/obj/testmtx.o (symbol from plugin)
chCondSignalI                                     build/obj/chcond.o (symbol from plugin)
                                                  build/obj/testmtx.o (symbol from plugin)
chCondWait                                        build/obj/chcond.o (symbol from plugin)
                                                  build/obj/testmtx.o (symbol from plugin)
chCondWaitS                                       build/obj/chcond.o (symbol from plugin)
chCondWaitTimeout                                 build/obj/chcond.o (symbol from plugin)
                                                  build/obj/testmtx.o (symbol from plugin)
chCondWaitTimeoutS                                build/obj/chcond.o (symbol from plugin)
chCoreAlloc                                       C:\Users\Simone\AppData\Local\Temp\cco0QMcU.ltrans0.ltrans.o
                                                  build/obj/chmemcore.o (symbol from plugin)
                                                  C:\Users\Simone\AppData\Local\Temp\cco0QMcU.ltrans1.ltrans.o
                                                  build/obj/chheap.o (symbol from plugin)
chCoreAllocI                                      build/obj/chmemcore.o (symbol from plugin)
chCoreGetStatusX                                  build/obj/chmemcore.o (symbol from plugin)
                                                  build/obj/testheap.o (symbol from plugin)
chEvtAddEvents                                    build/obj/chevents.o (symbol from plugin)
                                                  build/obj/testevt.o (symbol from plugin)
chEvtBroadcastFlags                               build/obj/chevents.o (symbol from plugin)
                                                  build/obj/testevt.o (symbol from plugin)
chEvtBroadcastFlagsI                              build/obj/chevents.o (symbol from plugin)
                                                  build/obj/serial_lld.o (symbol from plugin)
                                                  build/obj/serial.o (symbol from plugin)
chEvtDispatch                                     build/obj/chevents.o (symbol from plugin)
                                                  build/obj/testevt.o (symbol from plugin)
chEvtGetAndClearEvents                            build/obj/chevents.o (symbol from plugin)
                                                  build/obj/testevt.o (symbol from plugin)
chEvtGetAndClearFlags                             build/obj/chevents.o (symbol from plugin)
chEvtGetAndClearFlagsI                            build/obj/chevents.o (symbol from plugin)
                                                  build/obj/main.o (symbol from plugin)
chEvtRegisterMaskWithFlags                        build/obj/chevents.o (symbol from plugin)
                                                  build/obj/main.o (symbol from plugin)
                                                  build/obj/testevt.o (symbol from plugin)
chEvtSignal                                       build/obj/chevents.o (symbol from plugin)
                                                  build/obj/testevt.o (symbol from plugin)
chEvtSignalI                                      build/obj/chevents.o (symbol from plugin)
chEvtUnregister                                   build/obj/chevents.o (symbol from plugin)
                                                  build/obj/testevt.o (symbol from plugin)
chEvtWaitAll                                      build/obj/chevents.o (symbol from plugin)
                                                  build/obj/testevt.o (symbol from plugin)
chEvtWaitAllTimeout                               build/obj/chevents.o (symbol from plugin)
                                                  build/obj/testevt.o (symbol from plugin)
chEvtWaitAny                                      build/obj/chevents.o (symbol from plugin)
                                                  build/obj/testevt.o (symbol from plugin)
chEvtWaitAnyTimeout                               build/obj/chevents.o (symbol from plugin)
                                                  build/obj/testevt.o (symbol from plugin)
chEvtWaitOne                                      build/obj/chevents.o (symbol from plugin)
                                                  build/obj/main.o (symbol from plugin)
                                                  build/obj/testevt.o (symbol from plugin)
chEvtWaitOneTimeout                               build/obj/chevents.o (symbol from plugin)
                                                  build/obj/testevt.o (symbol from plugin)
chHeapAlloc                                       build/obj/chheap.o (symbol from plugin)
                                                  build/obj/testdyn.o (symbol from plugin)
                                                  build/obj/testheap.o (symbol from plugin)
                                                  build/obj/chdynamic.o (symbol from plugin)
chHeapFree                                        build/obj/chheap.o (symbol from plugin)
                                                  build/obj/testdyn.o (symbol from plugin)
                                                  build/obj/testheap.o (symbol from plugin)
                                                  build/obj/chdynamic.o (symbol from plugin)
chHeapObjectInit                                  build/obj/chheap.o (symbol from plugin)
                                                  build/obj/testdyn.o (symbol from plugin)
                                                  build/obj/testheap.o (symbol from plugin)
chHeapStatus                                      build/obj/chheap.o (symbol from plugin)
                                                  build/obj/testdyn.o (symbol from plugin)
                                                  build/obj/testheap.o (symbol from plugin)
chIQGetTimeout                                    build/obj/chqueues.o (symbol from plugin)
                                                  build/obj/testbmk.o (symbol from plugin)
                                                  build/obj/testqueues.o (symbol from plugin)
                                                  build/obj/serial.o (symbol from plugin)
chIQObjectInit                                    build/obj/chqueues.o (symbol from plugin)
                                                  build/obj/testbmk.o (symbol from plugin)
                                                  build/obj/testqueues.o (symbol from plugin)
                                                  build/obj/serial.o (symbol from plugin)
chIQPutI                                          build/obj/chqueues.o (symbol from plugin)
                                                  build/obj/testbmk.o (symbol from plugin)
                                                  build/obj/testqueues.o (symbol from plugin)
                                                  build/obj/serial.o (symbol from plugin)
chIQReadTimeout                                   build/obj/chqueues.o (symbol from plugin)
                                                  build/obj/testqueues.o (symbol from plugin)
                                                  build/obj/serial.o (symbol from plugin)
chIQResetI                                        build/obj/chqueues.o (symbol from plugin)
                                                  build/obj/testqueues.o (symbol from plugin)
                                                  build/obj/serial.o (symbol from plugin)
chMBFetch                                         build/obj/chmboxes.o (symbol from plugin)
                                                  build/obj/testmbox.o (symbol from plugin)
chMBFetchI                                        build/obj/chmboxes.o (symbol from plugin)
                                                  build/obj/testmbox.o (symbol from plugin)
chMBFetchS                                        build/obj/chmboxes.o (symbol from plugin)
chMBObjectInit                                    build/obj/chmboxes.o (symbol from plugin)
                                                  build/obj/testmbox.o (symbol from plugin)
chMBPost                                          build/obj/chmboxes.o (symbol from plugin)
                                                  build/obj/testmbox.o (symbol from plugin)
chMBPostAhead                                     build/obj/chmboxes.o (symbol from plugin)
                                                  build/obj/testmbox.o (symbol from plugin)
chMBPostAheadI                                    build/obj/chmboxes.o (symbol from plugin)
                                                  build/obj/testmbox.o (symbol from plugin)
chMBPostAheadS                                    build/obj/chmboxes.o (symbol from plugin)
chMBPostI                                         build/obj/chmboxes.o (symbol from plugin)
                                                  build/obj/testmbox.o (symbol from plugin)
chMBPostS                                         build/obj/chmboxes.o (symbol from plugin)
chMBReset                                         build/obj/chmboxes.o (symbol from plugin)
                                                  build/obj/testmbox.o (symbol from plugin)
chMBResetI                                        build/obj/chmboxes.o (symbol from plugin)
chMsgRelease                                      build/obj/chmsg.o (symbol from plugin)
                                                  build/obj/testbmk.o (symbol from plugin)
                                                  build/obj/testmsg.o (symbol from plugin)
chMsgSend                                         build/obj/chmsg.o (symbol from plugin)
                                                  build/obj/testbmk.o (symbol from plugin)
                                                  build/obj/testmsg.o (symbol from plugin)
chMsgWait                                         build/obj/chmsg.o (symbol from plugin)
                                                  build/obj/testbmk.o (symbol from plugin)
                                                  build/obj/testmsg.o (symbol from plugin)
chMtxLock                                         build/obj/chmtx.o (symbol from plugin)
                                                  build/obj/testbmk.o (symbol from plugin)
                                                  build/obj/testmtx.o (symbol from plugin)
                                                  build/obj/chheap.o (symbol from plugin)
chMtxLockS                                        build/obj/chmtx.o (symbol from plugin)
                                                  build/obj/chcond.o (symbol from plugin)
chMtxObjectInit                                   build/obj/chmtx.o (symbol from plugin)
                                                  build/obj/testbmk.o (symbol from plugin)
                                                  build/obj/testmtx.o (symbol from plugin)
                                                  build/obj/chheap.o (symbol from plugin)
chMtxTryLock                                      build/obj/chmtx.o (symbol from plugin)
                                                  build/obj/testmtx.o (symbol from plugin)
chMtxTryLockS                                     build/obj/chmtx.o (symbol from plugin)
chMtxUnlock                                       build/obj/chmtx.o (symbol from plugin)
                                                  build/obj/testbmk.o (symbol from plugin)
                                                  build/obj/testmtx.o (symbol from plugin)
                                                  build/obj/chheap.o (symbol from plugin)
chMtxUnlockAll                                    build/obj/chmtx.o (symbol from plugin)
                                                  build/obj/testmtx.o (symbol from plugin)
chMtxUnlockS                                      build/obj/chmtx.o (symbol from plugin)
                                                  build/obj/testmtx.o (symbol from plugin)
                                                  build/obj/chcond.o (symbol from plugin)
chOQGetI                                          build/obj/chqueues.o (symbol from plugin)
                                                  build/obj/testqueues.o (symbol from plugin)
                                                  build/obj/serial_lld.o (symbol from plugin)
                                                  build/obj/serial.o (symbol from plugin)
chOQObjectInit                                    build/obj/chqueues.o (symbol from plugin)
                                                  build/obj/testqueues.o (symbol from plugin)
                                                  build/obj/serial.o (symbol from plugin)
chOQPutTimeout                                    build/obj/chqueues.o (symbol from plugin)
                                                  build/obj/testqueues.o (symbol from plugin)
                                                  build/obj/serial.o (symbol from plugin)
chOQResetI                                        build/obj/chqueues.o (symbol from plugin)
                                                  build/obj/testqueues.o (symbol from plugin)
                                                  build/obj/serial.o (symbol from plugin)
chOQWriteTimeout                                  build/obj/chqueues.o (symbol from plugin)
                                                  build/obj/testqueues.o (symbol from plugin)
                                                  build/obj/serial.o (symbol from plugin)
chPoolAlloc                                       build/obj/chmempools.o (symbol from plugin)
                                                  build/obj/testdyn.o (symbol from plugin)
                                                  build/obj/testpools.o (symbol from plugin)
                                                  build/obj/chdynamic.o (symbol from plugin)
chPoolAllocI                                      build/obj/chmempools.o (symbol from plugin)
chPoolFree                                        build/obj/chmempools.o (symbol from plugin)
                                                  build/obj/testdyn.o (symbol from plugin)
                                                  build/obj/testpools.o (symbol from plugin)
                                                  build/obj/chdynamic.o (symbol from plugin)
chPoolFreeI                                       build/obj/chmempools.o (symbol from plugin)
chPoolLoadArray                                   build/obj/chmempools.o (symbol from plugin)
                                                  build/obj/testpools.o (symbol from plugin)
chPoolObjectInit                                  build/obj/chmempools.o (symbol from plugin)
                                                  build/obj/testdyn.o (symbol from plugin)
                                                  build/obj/testpools.o (symbol from plugin)
chRegFirstThread                                  build/obj/chregistry.o (symbol from plugin)
                                                  build/obj/testdyn.o (symbol from plugin)
chRegNextThread                                   build/obj/chregistry.o (symbol from plugin)
                                                  build/obj/testdyn.o (symbol from plugin)
chSchDoReschedule                                 C:\Users\Simone\AppData\Local\Temp\cco0QMcU.ltrans0.ltrans.o
                                                  build/obj/chschd.o (symbol from plugin)
                                                  build/obj/chcoreasm_v7m.o
chSchDoRescheduleAhead                            build/obj/chschd.o (symbol from plugin)
chSchDoRescheduleBehind                           build/obj/chschd.o (symbol from plugin)
                                                  build/obj/chthreads.o (symbol from plugin)
chSchGoSleepS                                     build/obj/chschd.o (symbol from plugin)
                                                  build/obj/testbmk.o (symbol from plugin)
                                                  build/obj/chmsg.o (symbol from plugin)
                                                  build/obj/chevents.o (symbol from plugin)
                                                  build/obj/chcond.o (symbol from plugin)
                                                  build/obj/chmtx.o (symbol from plugin)
                                                  build/obj/chsem.o (symbol from plugin)
                                                  build/obj/chthreads.o (symbol from plugin)
chSchGoSleepTimeoutS                              build/obj/chschd.o (symbol from plugin)
                                                  build/obj/chevents.o (symbol from plugin)
                                                  build/obj/chcond.o (symbol from plugin)
                                                  build/obj/chsem.o (symbol from plugin)
                                                  build/obj/chthreads.o (symbol from plugin)
chSchIsPreemptionRequired                         build/obj/chschd.o (symbol from plugin)
                                                  build/obj/chcore_v7m.o (symbol from plugin)
chSchReadyI                                       build/obj/chschd.o (symbol from plugin)
                                                  build/obj/chmsg.o (symbol from plugin)
                                                  build/obj/chevents.o (symbol from plugin)
                                                  build/obj/chcond.o (symbol from plugin)
                                                  build/obj/chmtx.o (symbol from plugin)